Test1 {
    t2 = Test2 {
             t3 = Test3 {
                      t4 = Test4 {
                               x = 1,
                               y = 2,
                               z = 3000,
                           },
                  },
         },
}
Test1 {
    t2 = Test2 {
             t3 = Test3 {
                      t4 = Test4 {
                               x = -12,
                               y = -22,
                               z = -30,
                           },
                  },
         },
}