Genevieve is 22 years old.
Genevieve is 22 years old.
Genevieve is 22 years old.
Genevieve is 22 years old.
Genevieve is 22 years old.
Genevieve is 22 years old.
Genevieve is 22 years old.
Genevieve is 22 years old.
Genevieve is 22 years old.
Genevieve is 22 years old.
Genevieve is 22 years old.
Genevieve is 22 years old.
Genevieve is 22 years old.
Genevieve is 22 years old.
Genevieve is 22 years old.
