[
    [
        [
            ab,
            cd,
        ],
        [
            ef,
            gh,
        ],
    ],
    [
        [
            ij,
            kl,
        ],
        [
            mn,
            op,
        ],
    ],
]
[
    [
        [
            AB,
            CD,
        ],
        [
            EF,
            GH,
        ],
    ],
    [
        [
            IJ,
            KL,
        ],
        [
            MN,
            OP,
        ],
    ],
]
