[
    [
        Test {
            x = 4,
            y = a,
            z = true,
        },
        Test {
            x = 2,
            y = @,
            z = false,
        },
    ],
    [
        Test {
            x = 5,
            y = b,
            z = true,
        },
        Test {
            x = 3000,
            y = a,
            z = false,
        },
    ],
    [
        Test {
            x = -12,
            y = F,
            z = true,
        },
        Test {
            x = 5,
            y = a,
            z = false,
        },
    ],
]